// Jest Snapshot v1, https://goo.gl/fbAQLP

exports[`Logout renders login/register form 1`] = `
Object {
  "asFragment": [Function],
  "baseElement": <body>
    <div>
      <header
        class="container max-w-6xl m-auto border-b border-b-stone-600 py-4 flex justify-between items-center"
      >
        <div
          class=""
        >
          <h1
            class="flex text-3xl font-bold"
            id="logo"
          >
            <a
              href="/"
            >
              <svg
                class="h-8 w-8 inline-block mr-2 mb-2"
                fill="currentColor"
                viewBox="0 0 20 20"
                xmlns="http://www.w3.org/2000/svg"
              >
                <path
                  d="M10.707 2.293a1 1 0 00-1.414 0l-7 7a1 1 0 001.414 1.414L4 10.414V17a1 1 0 001 1h2a1 1 0 001-1v-2a1 1 0 011-1h2a1 1 0 011 1v2a1 1 0 001 1h2a1 1 0 001-1v-6.586l.293.293a1 1 0 001.414-1.414l-7-7z"
                />
              </svg>
              Funny Movies
            </a>
          </h1>
        </div>
        <div
          class=""
        >
          <div
            class="flex md:gap-5 items-center"
            data-testid="authenticated-actions"
          >
            <span
              role="welcome-text"
            >
              Welcome 
              nguyenhieuky@gmail.com
            </span>
            <a
              class="px-5 py-3 bg-sky-600 text-white"
              href="/share"
            >
              Share a movie
            </a>
            <button
              class="px-5 py-3 bg-rose-500 text-white"
              role="logout-button"
            >
              Logout
            </button>
          </div>
        </div>
      </header>
    </div>
  </body>,
  "container": <div>
    <header
      class="container max-w-6xl m-auto border-b border-b-stone-600 py-4 flex justify-between items-center"
    >
      <div
        class=""
      >
        <h1
          class="flex text-3xl font-bold"
          id="logo"
        >
          <a
            href="/"
          >
            <svg
              class="h-8 w-8 inline-block mr-2 mb-2"
              fill="currentColor"
              viewBox="0 0 20 20"
              xmlns="http://www.w3.org/2000/svg"
            >
              <path
                d="M10.707 2.293a1 1 0 00-1.414 0l-7 7a1 1 0 001.414 1.414L4 10.414V17a1 1 0 001 1h2a1 1 0 001-1v-2a1 1 0 011-1h2a1 1 0 011 1v2a1 1 0 001 1h2a1 1 0 001-1v-6.586l.293.293a1 1 0 001.414-1.414l-7-7z"
              />
            </svg>
            Funny Movies
          </a>
        </h1>
      </div>
      <div
        class=""
      >
        <div
          class="flex md:gap-5 items-center"
          data-testid="authenticated-actions"
        >
          <span
            role="welcome-text"
          >
            Welcome 
            nguyenhieuky@gmail.com
          </span>
          <a
            class="px-5 py-3 bg-sky-600 text-white"
            href="/share"
          >
            Share a movie
          </a>
          <button
            class="px-5 py-3 bg-rose-500 text-white"
            role="logout-button"
          >
            Logout
          </button>
        </div>
      </div>
    </header>
  </div>,
  "debug": [Function],
  "findAllByAltText": [Function],
  "findAllByDisplayValue": [Function],
  "findAllByLabelText": [Function],
  "findAllByPlaceholderText": [Function],
  "findAllByRole": [Function],
  "findAllByTestId": [Function],
  "findAllByText": [Function],
  "findAllByTitle": [Function],
  "findByAltText": [Function],
  "findByDisplayValue": [Function],
  "findByLabelText": [Function],
  "findByPlaceholderText": [Function],
  "findByRole": [Function],
  "findByTestId": [Function],
  "findByText": [Function],
  "findByTitle": [Function],
  "getAllByAltText": [Function],
  "getAllByDisplayValue": [Function],
  "getAllByLabelText": [Function],
  "getAllByPlaceholderText": [Function],
  "getAllByRole": [Function],
  "getAllByTestId": [Function],
  "getAllByText": [Function],
  "getAllByTitle": [Function],
  "getByAltText": [Function],
  "getByDisplayValue": [Function],
  "getByLabelText": [Function],
  "getByPlaceholderText": [Function],
  "getByRole": [Function],
  "getByTestId": [Function],
  "getByText": [Function],
  "getByTitle": [Function],
  "queryAllByAltText": [Function],
  "queryAllByDisplayValue": [Function],
  "queryAllByLabelText": [Function],
  "queryAllByPlaceholderText": [Function],
  "queryAllByRole": [Function],
  "queryAllByTestId": [Function],
  "queryAllByText": [Function],
  "queryAllByTitle": [Function],
  "queryByAltText": [Function],
  "queryByDisplayValue": [Function],
  "queryByLabelText": [Function],
  "queryByPlaceholderText": [Function],
  "queryByRole": [Function],
  "queryByTestId": [Function],
  "queryByText": [Function],
  "queryByTitle": [Function],
  "rerender": [Function],
  "unmount": [Function],
}
`;
